// Jest Snapshot v1, https://goo.gl/fbAQLP

exports[`<Weather /> should render the Weather 1`] = `
.c1 {
  font-size: 1rem;
  font-weight: 700;
  color: #000000;
}

.c3 {
  font-size: 3.5rem;
  font-weight: 700;
  color: #000000;
}

.c0 {
  padding: 1rem 2rem;
  display: -webkit-box;
  display: -webkit-flex;
  display: -ms-flexbox;
  display: flex;
  -webkit-flex-direction: column;
  -ms-flex-direction: column;
  flex-direction: column;
  position: relative;
  background-color: #FCFCFDE6;
  margin-bottom: 2rem;
  box-shadow: 0px 0px 0.5rem rgba(0,0,0,0.25);
}

.c0 > h2 {
  font-size: 2.5rem;
  margin: 1.5rem 0;
  color: #353945;
}

.c0 * svg {
  color: #ff7f00;
}

.c2 {
  border: 0;
  background: transparent;
  position: absolute;
  padding: 0.25rem;
  top: 0.5rem;
  right: 0.5rem;
  cursor: pointer;
  border: 2px transparent;
}

.c2:focus-visible {
  outline-color: #ff7f00;
}

.c5 {
  display: -webkit-box;
  display: -webkit-flex;
  display: -ms-flexbox;
  display: flex;
  gap: 0.5rem;
  -webkit-align-items: center;
  -webkit-box-align: center;
  -ms-flex-align: center;
  align-items: center;
}

.c5 > span {
  color: #777E90;
  font-size: 1rem;
}

.c5 > span > b {
  font-weight: 700;
  color: #141416;
}

.c4 {
  max-width: 16.25rem;
  display: -webkit-box;
  display: -webkit-flex;
  display: -ms-flexbox;
  display: flex;
  gap: 2rem;
  margin-top: 1rem;
  -webkit-align-items: center;
  -webkit-box-align: center;
  -ms-flex-align: center;
  align-items: center;
  -webkit-box-pack: justify;
  -webkit-justify-content: space-between;
  -ms-flex-pack: justify;
  justify-content: space-between;
}

.c6 {
  width: 100%;
  height: 1px;
  margin: 1rem 0;
  border-top: 0;
  border-bottom: 1px solid #ff7f00;
}

.c7 {
  display: -webkit-box;
  display: -webkit-flex;
  display: -ms-flexbox;
  display: flex;
  -webkit-box-pack: justify;
  -webkit-justify-content: space-between;
  -ms-flex-pack: justify;
  justify-content: space-between;
}

.c8 {
  display: -webkit-box;
  display: -webkit-flex;
  display: -ms-flexbox;
  display: flex;
  gap: 0.5rem;
  -webkit-align-items: center;
  -webkit-box-align: center;
  -ms-flex-align: center;
  align-items: center;
  -webkit-flex-direction: column;
  -ms-flex-direction: column;
  flex-direction: column;
}

.c8 > span {
  color: #ff7f00;
  font-size: 1rem;
}

.c8 > b {
  font-weight: 700;
  color: #141416;
}

@media (min-width:768px) {
  .c0 {
    padding: 2rem 4rem;
  }

  .c0 > h2 {
    font-size: 3.5rem;
  }
}

@media (min-width:768px) {
  .c2 {
    top: 1rem;
    right: 1rem;
  }
}

@media (min-width:768px) {
  .c6 {
    margin: 2rem 0;
  }
}

<div
  class="c0"
>
  <h5
    class="c1"
    color="dark"
  >
    são paulo, sp
  </h5>
  <button
    class="c2"
  >
    <svg
      fill="currentColor"
      height="24px"
      viewBox="0 0 24 24"
      width="24px"
      xmlns="http://www.w3.org/2000/svg"
    >
      <path
        d="M0 0h24v24H0z"
        fill="none"
      />
      <path
        d="M19 6.41L17.59 5 12 10.59 6.41 5 5 6.41 10.59 12 5 17.59 6.41 19 12 13.41 17.59 19 19 17.59 13.41 12z"
      />
    </svg>
  </button>
  <h2
    class="c3"
    color="dark"
  >
    27°C Parcialmente nublado
  </h2>
  <div
    class="c4"
  >
    <div
      class="c5"
    >
      <svg
        enable-background="new 0 0 24 24"
        fill="currentColor"
        height="24px"
        viewBox="0 0 24 24"
        width="24px"
        xmlns="http://www.w3.org/2000/svg"
      >
        <rect
          fill="none"
          height="24"
          width="24"
        />
        <path
          d="M19,15l-1.41-1.41L13,18.17V2H11v16.17l-4.59-4.59L5,15l7,7L19,15z"
        />
      </svg>
      <span>
        <b>
          18°
        </b>
      </span>
      <svg
        enable-background="new 0 0 24 24"
        fill="currentColor"
        height="24px"
        viewBox="0 0 24 24"
        width="24px"
        xmlns="http://www.w3.org/2000/svg"
      >
        <rect
          fill="none"
          height="24"
          width="24"
        />
        <path
          d="M5,9l1.41,1.41L11,5.83V22H13V5.83l4.59,4.59L19,9l-7-7L5,9z"
        />
      </svg>
      <span>
        <b>
          30°
        </b>
      </span>
    </div>
    
  </div>
  <div
    class="c4"
  >
    <div
      class="c5"
    >
      <span>
        Vento 
        <b>
          0.45 km/h
        </b>
      </span>
    </div>
    <div
      class="c5"
    >
      <span>
        Himidade 
        <b>
          57%
        </b>
      </span>
    </div>
  </div>
  <hr
    class="c6"
  />
  <div
    class="c7"
  >
    <div
      class="c8"
    >
      <b>
        Qui
      </b>
      <span>
        17°
         
        25°
      </span>
    </div>
  </div>
</div>
`;
